Microchip MPLAB XC8 Compiler V2.36

Linker command line:

-W-3 --edf=C:\Program Files\Microchip\xc8\v2.36\pic\dat\en_msgs.txt -cn \
  -h+dist/default/production\pic_micro_I2c.X.production.sym \
  --cmf=dist/default/production\pic_micro_I2c.X.production.cmf -z -Q16F877A \
  -oC:\Users\Hasan\AppData\Local\Temp\xcAs6c0.4 --defsym=__MPLAB_BUILD=1 \
  -Mdist/default/production/pic_micro_I2c.X.production.map \
  --md=C:\Users\Hasan\AppData\Local\Temp\xcAs6c0.dat -E1 -ver=XC8 Compiler \
  --acfsm=1493 -ACODE=00h-07FFhx4 -ASTRCODE=00h-01FFFh -ASTRING=00h-0FFhx32 \
  -ACONST=00h-0FFhx32 -AENTRY=00h-0FFhx32 -ACOMMON=070h-07Fh \
  -ABANK0=020h-06Fh -ABANK1=0A0h-0EFh -ABANK2=0110h-016Fh \
  -ABANK3=0190h-01EFh -ARAM=020h-06Fh,0A0h-0EFh,0110h-016Fh,0190h-01EFh \
  -AABS1=020h-07Fh,0A0h-0EFh,0110h-016Fh,0190h-01EFh -ASFR0=00h-01Fh \
  -ASFR1=080h-09Fh -ASFR2=0100h-010Fh -ASFR3=0180h-018Fh \
  -ACONFIG=02007h-02007h -DCONFIG=2 -AIDLOC=02000h-02003h -DIDLOC=2 \
  -AEEDATA=00h-0FFh/02100h -peeprom_data=EEDATA -DEEDATA=2 -DCODE=2 \
  -DSTRCODE=2 -DSTRING=2 -DCONST=2 -DENTRY=2 \
  -preset_vec=00h,intentry,init,end_init -ppowerup=CODE -pcinit=CODE \
  -pfunctab=ENTRY -k C:\Users\Hasan\AppData\Local\Temp\xcAs6c0.o \
  dist/default/production\pic_micro_I2c.X.production.o 

Object code version is 3.11

Machine type is 16F877A



                Name                               Link     Load   Length Selector   Space Scale
C:\Users\Hasan\AppData\Local\Temp\xcAs6c0.o
                end_init                              0        0        3        0       0
                config                             2007     2007        1        0       4
                idloc                              2000     2000        4        0       5
dist/default/production\pic_micro_I2c.X.production.o
                cinit                               7E4      7E4       1C      FC8       0
                config                             2007     2007        1        0       4
                idloc                              2000     2000        4        0       5
                text17                              3AC      3AC       68      758       0
                text16                              2B4      2B4       46      568       0
                text15                              2FA      2FA       53      5F4       0
                text14                              1D3      1D3        D      3A6       0
                text13                              1B7      1B7        9      36E       0
                text12                              1C0      1C0        9      380       0
                text11                              1C9      1C9        A      392       0
                text10                              286      286       2E      50C       0
                text9                               34D      34D       5F      69A       0
                text8                               1F5      1F5       19      3EA       0
                text7                               4F6      4F6       CC      9EC       0
                text6                               414      414       69      828       0
                text5                               1E0      1E0       15      3C0       0
                text4                               233      233       27      466       0
                text3                               20E      20E       25      41C       0
                text2                               5C2      5C2      222      B84       0
                text1                               25A      25A       2C      4B4       0
                maintext                            47D      47D       79      8FA       0
                cstackBANK0                          20       20       1F       20       1
                cstackCOMMON                         70       70        E       70       1
                dataBANK0                            45       45        3       20       1
                bssBANK0                             3F       3F        6       20       1
                stringtext                          800      800      203       10       0
                idataBANK0                          1B4      1B4        3      368       0

TOTAL           Name                               Link     Load   Length     Space
        CLASS   CODE           
                end_init                              0        0        3         0
                cinit                               7E4      7E4       1C         0
                text17                              3AC      3AC       68         0
                text16                              2B4      2B4       46         0
                text15                              2FA      2FA       53         0
                text14                              1D3      1D3        D         0
                text13                              1B7      1B7        9         0
                text12                              1C0      1C0        9         0
                text11                              1C9      1C9        A         0
                text10                              286      286       2E         0
                text9                               34D      34D       5F         0
                text8                               1F5      1F5       19         0
                text7                               4F6      4F6       CC         0
                text6                               414      414       69         0
                text5                               1E0      1E0       15         0
                text4                               233      233       27         0
                text3                               20E      20E       25         0
                text2                               5C2      5C2      222         0
                text1                               25A      25A       2C         0
                maintext                            47D      47D       79         0
                idataBANK0                          1B4      1B4        3         0

        CLASS   STRCODE        
                stringtext                          800      800      203         0

        CLASS   STRING         

        CLASS   CONST          

        CLASS   ENTRY          

        CLASS   COMMON         
                cstackCOMMON                         70       70        E         1

        CLASS   BANK0          
                cstackBANK0                          20       20       1F         1
                dataBANK0                            45       45        3         1
                bssBANK0                             3F       3F        6         1

        CLASS   BANK1          

        CLASS   BANK2          

        CLASS   BANK3          

        CLASS   RAM            

        CLASS   ABS1           
                abs_s1                               7E       7E        2         1

        CLASS   SFR0           

        CLASS   SFR1           

        CLASS   SFR2           

        CLASS   SFR3           

        CLASS   CONFIG         
                config                             2007     2007        1         4

        CLASS   IDLOC          
                idloc                              2000     2000        4         5

        CLASS   EEDATA         

        CLASS   STACK          



SEGMENTS        Name                           Load    Length   Top    Selector   Space  Class     Delta

                reset_vec                      000000  000003  000003         0       0  CODE        2
                cstackBANK0                    000020  000028  000048        20       1  BANK0       1
                cstackCOMMON                   000070  00000E  00007E        70       1  COMMON      1
                idataBANK0                     0001B4  000003  0001B7       368       0  CODE        2
                text13                         0001B7  000009  0001C0       36E       0  CODE        2
                text12                         0001C0  000009  0001C9       380       0  CODE        2
                text11                         0001C9  00000A  0001D3       392       0  CODE        2
                text14                         0001D3  00000D  0001E0       3A6       0  CODE        2
                text5                          0001E0  000015  0001F5       3C0       0  CODE        2
                text8                          0001F5  000019  00020E       3EA       0  CODE        2
                text3                          00020E  000025  000233       41C       0  CODE        2
                text4                          000233  000027  00025A       466       0  CODE        2
                text1                          00025A  00002C  000286       4B4       0  CODE        2
                text10                         000286  00002E  0002B4       50C       0  CODE        2
                text16                         0002B4  000046  0002FA       568       0  CODE        2
                text15                         0002FA  000053  00034D       5F4       0  CODE        2
                text9                          00034D  00005F  0003AC       69A       0  CODE        2
                text17                         0003AC  000068  000414       758       0  CODE        2
                text6                          000414  000069  00047D       828       0  CODE        2
                maintext                       00047D  000079  0004F6       8FA       0  CODE        2
                text7                          0004F6  0000CC  0005C2       9EC       0  CODE        2
                text2                          0005C2  000222  0007E4       B84       0  CODE        2
                cinit                          0007E4  00001C  000800       FC8       0  CODE        2
                stringtext                     000800  000203  000A03        10       0  STRCODE     2


UNUSED ADDRESS RANGES

        Name                Unused          Largest block    Delta
        BANK0            0048-006F             28           1
        BANK1            00A0-00EF             50           1
        BANK2            0110-016F             60           1
        BANK3            0190-01EF             60           1
        CODE             0003-01B3            1B1           2
                         0A03-1FFF            800
        CONST            0003-01B3             FD           2
                         0A03-1FFF            100
        EEDATA           2100-21FF            100           2
        ENTRY            0003-01B3             FD           2
                         0A03-1FFF            100
        RAM              0048-006F             28           1
                         00A0-00EF             50
                         0110-016F             60
                         0190-01EF             60
        SFR0             0000-001F             20           1
        SFR1             0080-009F             20           1
        SFR2             0100-010F             10           1
        SFR3             0180-018F             10           1
        STRCODE          0003-01B3            1B1           2
                         0A03-1FFF           15FD
        STRING           0003-01B3             FD           2
                         0A03-1FFF            100

                                  Symbol Table

?___awdiv                     cstackCOMMON 0076
?___lldiv                     cstackBANK0  0020
?___lmul                      cstackCOMMON 0070
?___wmul                      cstackCOMMON 0070
I2C_Initialize@feq_K          cstackBANK0  002D
I2C_Write@data                cstackCOMMON 0070
SSD1306_ClearDisplay@i        cstackCOMMON 0077
SSD1306_GotoXY@x              cstackCOMMON 0072
SSD1306_GotoXY@y              cstackCOMMON 0070
SSD1306_Init@i2caddr          cstackCOMMON 0075
SSD1306_Init@vccstate         cstackCOMMON 0077
SSD1306_PutStretchC@b         cstackBANK0  002A
SSD1306_PutStretchC@bn        cstackBANK0  002F
SSD1306_PutStretchC@bn_116    cstackBANK0  0034
SSD1306_PutStretchC@c         cstackBANK0  0037
SSD1306_PutStretchC@font_c    cstackBANK0  0032
SSD1306_PutStretchC@i         cstackBANK0  0030
SSD1306_PutStretchC@i_107     cstackBANK0  0036
SSD1306_PutStretchC@i_111     cstackBANK0  0038
SSD1306_PutStretchC@i_115     cstackBANK0  0031
SSD1306_PutStretchC@offs      cstackBANK0  0033
SSD1306_PutStretchC@p         cstackBANK0  0035
SSD1306_PutStretchC@pos       cstackBANK0  002E
SSD1306_PutStretchC@size_mult cstackBANK0  0024
_ACKDT                        (abs)        048D
_ACKEN                        (abs)        048C
_Font                         stringtext   0812
_Font2                        stringtext   0911
_I2C_Begin                    text13       01B7
_I2C_End                      text12       01C0
_I2C_Hold                     text14       01D3
_I2C_Initialize               text15       02FA
_I2C_Write                    text11       01C9
_PEN                          (abs)        048A
_PORTD                        (abs)        0008
_RCEN                         (abs)        048B
_SEN                          (abs)        0488
_SSD1306_ClearDisplay         text9        034D
_SSD1306_GotoXY               text8        01F5
_SSD1306_Init                 text7        04F6
_SSD1306_PutStretchC          text2        05C2
_SSPADD                       (abs)        0093
_SSPBUF                       (abs)        0013
_SSPCON                       (abs)        0014
_SSPCON2                      (abs)        0091
_SSPSTAT                      (abs)        0094
_TRISC3                       (abs)        043B
_TRISC4                       (abs)        043C
_TRISD                        (abs)        0088
__Habs1                       abs1         0000
__Hbank0                      bank0        0000
__Hbank1                      bank1        0000
__Hbank2                      bank2        0000
__Hbank3                      bank3        0000
__HbssBANK0                   bssBANK0     0000
__Hcinit                      cinit        0800
__Hclrtext                    clrtext      0000
__Hcode                       code         0000
__Hcommon                     common       0000
__Hconfig                     config       2008
__HcstackBANK0                cstackBANK0  0000
__HcstackCOMMON               cstackCOMMON 0000
__HdataBANK0                  dataBANK0    0000
__Heeprom_data                eeprom_data  0000
__Hend_init                   end_init     0003
__Hfunctab                    functab      0000
__HidataBANK0                 idataBANK0   0000
__Hidloc                      idloc        2004
__Hinit                       init         0000
__Hintentry                   intentry     0000
__Hmaintext                   maintext     0000
__Hpowerup                    powerup      0000
__Hram                        ram          0000
__Hreset_vec                  reset_vec    0000
__Hsfr0                       sfr0         0000
__Hsfr1                       sfr1         0000
__Hsfr2                       sfr2         0000
__Hsfr3                       sfr3         0000
__Hspace_0                    (abs)        0A03
__Hspace_1                    (abs)        007E
__Hspace_2                    (abs)        0000
__Hspace_3                    (abs)        0000
__Hspace_4                    (abs)        400F
__Hstack                      stack        0000
__Hstrings                    strings      0000
__Hstringtext                 stringtext   0000
__Htext                       text         0000
__Labs1                       abs1         0000
__Lbank0                      bank0        0000
__Lbank1                      bank1        0000
__Lbank2                      bank2        0000
__Lbank3                      bank3        0000
__LbssBANK0                   bssBANK0     0000
__Lcinit                      cinit        07E4
__Lclrtext                    clrtext      0000
__Lcode                       code         0000
__Lcommon                     common       0000
__Lconfig                     config       0000
__LcstackBANK0                cstackBANK0  0000
__LcstackCOMMON               cstackCOMMON 0000
__LdataBANK0                  dataBANK0    0000
__Leeprom_data                eeprom_data  0000
__Lend_init                   end_init     0000
__Lfunctab                    functab      0000
__LidataBANK0                 idataBANK0   0000
__Lidloc                      idloc        0000
__Linit                       init         0000
__Lintentry                   intentry     0000
__Lmaintext                   maintext     0000
__Lpowerup                    powerup      0000
__Lram                        ram          0000
__Lreset_vec                  reset_vec    0000
__Lsfr0                       sfr0         0000
__Lsfr1                       sfr1         0000
__Lsfr2                       sfr2         0000
__Lsfr3                       sfr3         0000
__Lspace_0                    (abs)        0000
__Lspace_1                    (abs)        0000
__Lspace_2                    (abs)        0000
__Lspace_3                    (abs)        0000
__Lspace_4                    (abs)        0000
__Lstack                      stack        0000
__Lstrings                    strings      0000
__Lstringtext                 stringtext   0000
__Ltext                       text         0000
__S0                          (abs)        0A03
__S1                          (abs)        007E
__S3                          (abs)        0000
___awdiv                      text6        0414
___awdiv@counter              cstackBANK0  0020
___awdiv@dividend             cstackCOMMON 0078
___awdiv@divisor              cstackCOMMON 0076
___awdiv@quotient             cstackBANK0  0022
___awdiv@sign                 cstackBANK0  0021
___bmul                       text5        01E0
___bmul@multiplicand          cstackCOMMON 0070
___bmul@multiplier            cstackCOMMON 0073
___bmul@product               cstackCOMMON 0072
___int_sp                     stack        0000
___latbits                    (abs)        0002
___lbmod                      text4        0233
___lbmod@counter              cstackCOMMON 0075
___lbmod@dividend             cstackCOMMON 0074
___lbmod@divisor              cstackCOMMON 0070
___lbmod@rem                  cstackCOMMON 0076
___lldiv                      text17       03AC
___lldiv@counter              cstackBANK0  002C
___lldiv@dividend             cstackBANK0  0024
___lldiv@divisor              cstackBANK0  0020
___lldiv@quotient             cstackBANK0  0028
___lmul                       text16       02B4
___lmul@multiplicand          cstackCOMMON 0074
___lmul@multiplier            cstackCOMMON 0070
___lmul@product               cstackCOMMON 0079
___sp                         stack        0000
___stackhi                    (abs)        0000
___stacklo                    (abs)        0000
___wmul                       text3        020E
___wmul@multiplicand          cstackCOMMON 0072
___wmul@multiplier            cstackCOMMON 0070
___wmul@product               cstackCOMMON 0074
__end_of_Font                 stringtext   0911
__end_of_Font2                stringtext   09ED
__end_of_I2C_Begin            text13       01C0
__end_of_I2C_End              text12       01C9
__end_of_I2C_Hold             text14       01E0
__end_of_I2C_Initialize       text15       034D
__end_of_I2C_Write            text11       01D3
__end_of_SSD1306_ClearDisplay text9        03AC
__end_of_SSD1306_GotoXY       text8        020E
__end_of_SSD1306_Init         text7        05C2
__end_of_SSD1306_PutStretchC  text2        07E4
__end_of___awdiv              text6        047D
__end_of___bmul               text5        01F5
__end_of___lbmod              text4        025A
__end_of___lldiv              text17       0414
__end_of___lmul               text16       02FA
__end_of___wmul               text3        0233
__end_of__initialization      cinit        07FC
__end_of__stringtab           stringtext   0812
__end_of_main                 maintext     04F6
__end_of_oled_puts            text1        0286
__end_of_ssd1306_command      text10       02B4
__i2caddr                     bssBANK0     0044
__initialization              cinit        07E4
__pbssBANK0                   bssBANK0     003F
__pcstackBANK0                cstackBANK0  0020
__pcstackCOMMON               cstackCOMMON 0070
__pdataBANK0                  dataBANK0    0045
__pidataBANK0                 idataBANK0   01B4
__pmaintext                   maintext     047D
__pstringtext                 stringtext   0800
__ptext1                      text1        025A
__ptext10                     text10       0286
__ptext11                     text11       01C9
__ptext12                     text12       01C0
__ptext13                     text13       01B7
__ptext14                     text14       01D3
__ptext15                     text15       02FA
__ptext16                     text16       02B4
__ptext17                     text17       03AC
__ptext2                      text2        05C2
__ptext3                      text3        020E
__ptext4                      text4        0233
__ptext5                      text5        01E0
__ptext6                      text6        0414
__ptext7                      text7        04F6
__ptext8                      text8        01F5
__ptext9                      text9        034D
__stringbase                  stringtext   0812
__stringtab                   stringtext   0800
__vccstate                    bssBANK0     0043
_main                         maintext     047D
_oled_puts                    text1        025A
_ssd1306_command              text10       0286
_wrap                         dataBANK0    0045
_x_pos                        dataBANK0    0047
_y_pos                        dataBANK0    0046
btemp                         (abs)        007E
end_of_initialization         cinit        07FC
intlevel0                     functab      0000
intlevel1                     functab      0000
intlevel2                     functab      0000
intlevel3                     functab      0000
intlevel4                     functab      0000
intlevel5                     functab      0000
oled_puts@c                   cstackBANK0  0039
oled_puts@size                cstackBANK0  003B
reset_vec                     reset_vec    0000
ssd1306_command@c             cstackCOMMON 0074
start                         init         0000
start_initialization          cinit        07E4
wtemp0                        (abs)        007E


MODULE INFORMATION

Module		Function		Class		Link	Load	Size
i2c.c
		_I2C_Write     		CODE           	01C9	0000	10
		_I2C_End       		CODE           	01C0	0000	9
		_I2C_Hold      		CODE           	01D3	0000	13
		_I2C_Initialize		CODE           	02FA	0000	83
		_I2C_Begin     		CODE           	01B7	0000	9

i2c.c estimated size: 124

C:\Program Files\Microchip\xc8\v2.36\pic\sources\c90\common\Umul16.c
		___wmul        		CODE           	020E	0000	37

C:\Program Files\Microchip\xc8\v2.36\pic\sources\c90\common\Umul16.c estimated size: 37

C:\Program Files\Microchip\xc8\v2.36\pic\sources\c90\common\awdiv.c
		___awdiv       		CODE           	0414	0000	105

C:\Program Files\Microchip\xc8\v2.36\pic\sources\c90\common\awdiv.c estimated size: 105

C:\Program Files\Microchip\xc8\v2.36\pic\sources\c90\common\__lldiv.c
		___lldiv       		CODE           	03AC	0000	104

C:\Program Files\Microchip\xc8\v2.36\pic\sources\c90\common\__lldiv.c estimated size: 104

C:\Program Files\Microchip\xc8\v2.36\pic\sources\c90\common\lbmod.c
		___lbmod       		CODE           	0233	0000	39

C:\Program Files\Microchip\xc8\v2.36\pic\sources\c90\common\lbmod.c estimated size: 39

./unbuffered_ssd1306.h
		_ssd1306_command		CODE           	0286	0000	46
		_SSD1306_Init  		CODE           	04F6	0000	204
		_SSD1306_ClearDisplay		CODE           	034D	0000	95
		_SSD1306_GotoXY		CODE           	01F5	0000	25
		_SSD1306_PutStretchC		CODE           	05C2	0000	546

./unbuffered_ssd1306.h estimated size: 916

C:\Program Files\Microchip\xc8\v2.36\pic\sources\c90\common\Umul8.c
		___bmul        		CODE           	01E0	0000	21

C:\Program Files\Microchip\xc8\v2.36\pic\sources\c90\common\Umul8.c estimated size: 21

shared
		__stringtab    		STRCODE        	0800	0000	18
		__initialization		CODE           	07E4	0000	24
		_Font2         		STRCODE        	0911	0000	220
		_Font          		STRCODE        	0812	0000	255

shared estimated size: 517

C:\Program Files\Microchip\xc8\v2.36\pic\sources\c90\common\Umul32.c
		___lmul        		CODE           	02B4	0000	70

C:\Program Files\Microchip\xc8\v2.36\pic\sources\c90\common\Umul32.c estimated size: 70

main.c
		_main          		CODE           	047D	0000	121
		_oled_puts     		CODE           	025A	0000	44

main.c estimated size: 165

